../Core/Src/main.c:118:6:HAL_CAN_RxFifo0MsgPendingCallback	16	static
../Core/Src/main.c:147:5:main	296	static
../Core/Src/main.c:525:6:SystemClock_Config	88	static
../Core/Src/main.c:576:13:MX_ADC1_Init	24	static
../Core/Src/main.c:625:13:MX_ADC2_Init	24	static
../Core/Src/main.c:674:13:MX_ADC3_Init	24	static
../Core/Src/main.c:723:13:MX_CAN1_Init	48	static
../Core/Src/main.c:770:13:MX_USART2_UART_Init	8	static
../Core/Src/main.c:799:13:MX_DMA_Init	16	static
../Core/Src/main.c:822:13:MX_GPIO_Init	48	static
../Core/Src/main.c:873:13:Ready_to_Drive	8	static
../Core/Src/main.c:911:13:APPS_Mapping	32	static
../Core/Src/main.c:979:6:HAL_ADC_ConvHalfCpltCallback	16	static
../Core/Src/main.c:988:6:Error_Handler	4	static,ignoring_inline_asm
