../Core/Src/main.c:110:6:HAL_CAN_RxFifo0MsgPendingCallback	16	static
../Core/Src/main.c:131:5:main	296	static
../Core/Src/main.c:386:6:SystemClock_Config	88	static
../Core/Src/main.c:437:13:MX_ADC1_Init	24	static
../Core/Src/main.c:486:13:MX_ADC2_Init	24	static
../Core/Src/main.c:535:13:MX_ADC3_Init	24	static
../Core/Src/main.c:584:13:MX_CAN1_Init	48	static
../Core/Src/main.c:631:13:MX_USART2_UART_Init	8	static
../Core/Src/main.c:660:13:MX_DMA_Init	16	static
../Core/Src/main.c:683:13:MX_GPIO_Init	48	static
../Core/Src/main.c:734:13:Ready_to_Drive	8	static
../Core/Src/main.c:767:13:APPS_Mapping	32	static
../Core/Src/main.c:817:6:HAL_ADC_ConvHalfCpltCallback	16	static
../Core/Src/main.c:826:6:Error_Handler	4	static,ignoring_inline_asm
